// Vitest Snapshot v1, https://vitest.dev/guide/snapshot.html

exports[`formatGotchas > snapshot of the ue-cpp block 1`] = `
"## Known UE Pitfalls
- **a code-only UUserWidget builds its Slate tree in RebuildWidget(), not NativeConstruct()** — A C++-only UUserWidget with no UMG asset must construct its widget hierarchy by overriding RebuildWidget(); NativeConstruct() runs too late and the tree is empty. BindWidget members still require a WBP. (vertical-slice: HUD)
- **AddOnScreenDebugMessage debug text draws over UMG and pins to the top-left** — GEngine->AddOnScreenDebugMessage prints above all UMG and pins to the top-left corner, colliding with anything placed there and confounding screenshot/vision HUD checks. Either offset HUD elements down (the slice put the player health bar at y=90) or disable it in dev with the DisableAllScreenMessages console command. (vertical-slice: HUD)
- **a Runtime module touching FEditorDelegates/GEditor/FAssetTools must be #if WITH_EDITOR-guarded** — Editor-only symbols (FEditorDelegates, GEditor, FAssetTools) referenced from a Runtime module break the Shipping build. Guard them with #if WITH_EDITOR or move them to an Editor module. (vertical-slice: characters)"
`;
